
> react-kavia@0.1.0 start
> cross-env EDIT_MODE=true webpack serve --config .ve/webpack.config.js --mode development

<i> [webpack-dev-server] Project is running at:
<i> [webpack-dev-server] Loopback: http://localhost:3000/, http://[::1]:3000/
<i> [webpack-dev-server] On Your Network (IPv4): http://172.17.0.2:3000/
<i> [webpack-dev-server] Content not from webpack is served from './public' directory
Injecting EditorRootWrapper import: ../.ve/EditorRootWrapper
asset bundle.js 1.44 MiB [emitted] (name: main)
asset index.html 1.98 KiB [emitted]
runtime modules 27.5 KiB 14 modules
modules by path ./node_modules/ 1.25 MiB 33 modules
modules by path ./src/ 31.5 KiB
  modules by path ./src/*.css 17 KiB 6 modules
  modules by path ./src/*.js 14.4 KiB
    ./src/index.js 1 KiB [built] [code generated]
    + 2 modules
modules by path ./.ve/ 15.1 KiB
  modules by path ./.ve/*.js 10.6 KiB 2 modules
  modules by path ./.ve/*.css 2.93 KiB
    ./.ve/EditorOverlay.css 2.25 KiB [built] [code generated]
    ./node_modules/css-loader/dist/cjs.js!./.ve/EditorOverlay.css 697 bytes [built] [code generated]
  ./.ve/EditorOverlay.jsx 1.58 KiB [built] [code generated]

WARNING in ./src/RecipeHubContainer.js 48:22-32
export 'default' (imported as 'jwt_decode') was not found in 'jwt-decode' (possible exports: InvalidTokenError, jwtDecode)
 @ ./src/App.js 3:0-54 12:27-45
 @ ./src/index.js 5:0-24 23:34-37

webpack 5.99.9 compiled with 1 warning in 1257 ms
assets by status 1.98 KiB [cached] 1 asset
assets by path *.js 1.46 MiB
  asset bundle.js 1.44 MiB [emitted] (name: main)
  asset main.a38d1056c3d1ab15b66f.hot-update.js 18.5 KiB [emitted] [immutable] [hmr] (name: main)
asset main.a38d1056c3d1ab15b66f.hot-update.json 28 bytes [emitted] [immutable] [hmr]
Entrypoint main 1.46 MiB = bundle.js 1.44 MiB main.a38d1056c3d1ab15b66f.hot-update.js 18.5 KiB
cached modules 1.29 MiB [cached] 46 modules
runtime modules 27.5 KiB 14 modules
./src/RecipeHubContainer.js 13 KiB [built] [code generated]
webpack 5.99.9 compiled successfully in 136 ms
assets by status 1.98 KiB [cached] 1 asset
assets by path *.js 1.46 MiB
  asset bundle.js 1.44 MiB [emitted] (name: main)
  asset main.750364f4f2a4b7e0d82b.hot-update.js 18.5 KiB [emitted] [immutable] [hmr] (name: main)
asset main.750364f4f2a4b7e0d82b.hot-update.json 28 bytes [emitted] [immutable] [hmr]
Entrypoint main 1.46 MiB = bundle.js 1.44 MiB main.750364f4f2a4b7e0d82b.hot-update.js 18.5 KiB
cached modules 1.29 MiB [cached] 46 modules
runtime modules 27.5 KiB 14 modules
./src/RecipeHubContainer.js 13 KiB [built] [code generated]
webpack 5.99.9 compiled successfully in 86 ms
